Série de tests pour D:\Devs\CharacterManager\CharacterManager.Tests\bin\Debug\net9.0\CharacterManager.Tests.dll (.NETCoreApp,Version=v9.0)
Version de VSTest 17.14.1 (x64)

Démarrage de l'exécution de tests, patientez...
Au total, 1 fichiers de test ont correspondu au modèle spécifié.
dotnet : [xUnit.net 00:00:00.66]     CharacterManager.Tests.Components.Pages.EscouadeTests.Clicking_header_opens_commandant_modal [FAIL]
Au caractère Ligne:1 : 1
+ dotnet test CharacterManager.Tests --no-build 2>&1 > test_output.txt; ...
+ ~~~~~~~~~~~~~~~~~~~~~~~~~~~~~~~~~~~~~~~~~~~~~~~~~~~~~~~~~~~~~~~~~~~~
    + CategoryInfo          : NotSpecified: ([xUnit.net 00:0...nt_modal [FAIL]:String) [], RemoteException
    + FullyQualifiedErrorId : NativeCommandError
 
[xUnit.net 00:00:00.67]     CharacterManager.Tests.Components.Pages.EscouadeTests.Empty_squad_shows_info_alert [FAIL]
  Échoué CharacterManager.Tests.Components.Pages.EscouadeTests.Clicking_header_opens_commandant_modal [505 ms]
  Message d'erreur :
   System.InvalidOperationException : Cannot provide a value for property 'PersonnageService' on type 'CharacterManager.Components.Pages.Escouade'. There is no registered service of type 'CharacterManager.Server.Services.IPersonnageService'.
  Arborescence des appels de procédure :
     at Microsoft.AspNetCore.Components.ComponentFactory.<>c__DisplayClass9_0.<CreatePropertyInjector>g__Initialize|1(IServiceProvider serviceProvider, IComponent component)
   at Microsoft.AspNetCore.Components.ComponentFactory.InstantiateComponent(IServiceProvider serviceProvider, Type componentType, IComponentRenderMode callerSpecifiedRenderMode, Nullable`1 parentComponentId)
   at Microsoft.AspNetCore.Components.RenderTree.Renderer.InstantiateChildComponentOnFrame(RenderTreeFrame[] frames, Int32 frameIndex, Int32 parentComponentId)
   at Microsoft.AspNetCore.Components.RenderTree.RenderTreeDiffBuilder.InitializeNewComponentFrame(DiffContext& diffContext, Int32 frameIndex)
   at Microsoft.AspNetCore.Components.RenderTree.RenderTreeDiffBuilder.InitializeNewSubtree(DiffContext& diffContext, Int32 frameIndex)
   at Microsoft.AspNetCore.Components.RenderTree.RenderTreeDiffBuilder.InsertNewFrame(DiffContext& diffContext, Int32 newFrameIndex)
   at Microsoft.AspNetCore.Components.RenderTree.RenderTreeDiffBuilder.InsertNewFrame(DiffContext& diffContext, Int32 newFrameIndex)
   at Microsoft.AspNetCore.Components.RenderTree.RenderTreeDiffBuilder.AppendDiffEntriesForRange(DiffContext& diffContext, Int32 oldStartIndex, Int32 oldEndIndexExcl, Int32 newStartIndex, Int32 newEndIndexExcl)
   at Microsoft.AspNetCore.Components.RenderTree.RenderTreeDiffBuilder.ComputeDiff(Renderer renderer, RenderBatchBuilder batchBuilder, Int32 componentId, ArrayRange`1 oldTree, ArrayRange`1 newTree)
   at Microsoft.AspNetCore.Components.Rendering.ComponentState.RenderIntoBatch(RenderBatchBuilder batchBuilder, RenderFragment renderFragment, Exception& renderFragmentException)
   at Microsoft.AspNetCore.Components.RenderTree.Renderer.ProcessRenderQueue()
--- End of stack trace from previous location ---
   at Bunit.Rendering.TestRenderer.AssertNoUnhandledExceptions() in /_/src/bunit.core/Rendering/TestRenderer.cs:line 629
   at Bunit.Rendering.TestRenderer.Render[TResult](RenderFragment renderFragment, Func`2 activator) in /_/src/bunit.core/Rendering/TestRenderer.cs:line 480
   at Bunit.Rendering.TestRenderer.RenderFragment(RenderFragment renderFragment) in /_/src/bunit.core/Rendering/TestRenderer.cs:line 101
   at Bunit.Extensions.TestContextBaseRenderExtensions.RenderInsideRenderTree(TestContextBase testContext, RenderFragment renderFragment) in /_/src/bunit.core/Extensions/TestContextBaseRenderExtensions.cs:line 43
   at Bunit.Extensions.TestContextBaseRenderExtensions.RenderInsideRenderTree[TComponent](TestContextBase testContext, RenderFragment renderFragment) in /_/src/bunit.core/Extensions/TestContextBaseRenderExtensions.cs:line 23
   at Bunit.TestContext.Render[TComponent](RenderFragment renderFragment) in /_/src/bunit.web/TestContext.cs:line 68
   at Bunit.TestContext.RenderComponent[TComponent](Action`1 parameterBuilder) in /_/src/bunit.web/TestContext.cs:line 54
   at CharacterManager.Tests.Components.Pages.EscouadeTests.Clicking_header_opens_commandant_modal() in D:\Devs\CharacterManager\CharacterManager.Tests\Components\Pages\EscouadeTests.cs:line 93
   at System.RuntimeMethodHandle.InvokeMethod(Object target, Void** arguments, Signature sig, Boolean isConstructor)
   at System.Reflection.MethodBaseInvoker.InvokeWithNoArgs(Object obj, BindingFlags invokeAttr)
  Échoué CharacterManager.Tests.Components.Pages.EscouadeTests.Empty_squad_shows_info_alert [21 ms]
  Message d'erreur :
   System.InvalidOperationException : Cannot provide a value for property 'PersonnageService' on type 'CharacterManager.Components.Pages.Escouade'. There is no registered service of type 'CharacterManager.Server.Services.IPersonnageService'.
  Arborescence des appels de procédure :
     at Microsoft.AspNetCore.Components.ComponentFactory.<>c__DisplayClass9_0.<CreatePropertyInjector>g__Initialize|1(IServiceProvider serviceProvider, IComponent component)
   at Microsoft.AspNetCore.Components.ComponentFactory.InstantiateComponent(IServiceProvider serviceProvider, Type componentType, IComponentRenderMode callerSpecifiedRenderMode, Nullable`1 parentComponentId)
   at Microsoft.AspNetCore.Components.RenderTree.Renderer.InstantiateChildComponentOnFrame(RenderTreeFrame[] frames, Int32 frameIndex, Int32 parentComponentId)
   at Microsoft.AspNetCore.Components.RenderTree.RenderTreeDiffBuilder.InitializeNewComponentFrame(DiffContext& diffContext, Int32 frameIndex)
   at Microsoft.AspNetCore.Components.RenderTree.RenderTreeDiffBuilder.InitializeNewSubtree(DiffContext& diffContext, Int32 frameIndex)
   at Microsoft.AspNetCore.Components.RenderTree.RenderTreeDiffBuilder.InsertNewFrame(DiffContext& diffContext, Int32 newFrameIndex)
   at Microsoft.AspNetCore.Components.RenderTree.RenderTreeDiffBuilder.InsertNewFrame(DiffContext& diffContext, Int32 newFrameIndex)
   at Microsoft.AspNetCore.Components.RenderTree.RenderTreeDiffBuilder.AppendDiffEntriesForRange(DiffContext& diffContext, Int32 oldStartIndex, Int32 oldEndIndexExcl, Int32 newStartIndex, Int32 newEndIndexExcl)
   at Microsoft.AspNetCore.Components.RenderTree.RenderTreeDiffBuilder.ComputeDiff(Renderer renderer, RenderBatchBuilder batchBuilder, Int32 componentId, ArrayRange`1 oldTree, ArrayRange`1 newTree)
   at Microsoft.AspNetCore.Components.Rendering.ComponentState.RenderIntoBatch(RenderBatchBuilder batchBuilder, RenderFragment renderFragment, Exception& renderFragmentException)
   at Microsoft.AspNetCore.Components.RenderTree.Renderer.ProcessRenderQueue()
--- End of stack trace from previous location ---
   at Bunit.Rendering.TestRenderer.AssertNoUnhandledExceptions() in /_/src/bunit.core/Rendering/TestRenderer.cs:line 629
   at Bunit.Rendering.TestRenderer.Render[TResult](RenderFragment renderFragment, Func`2 activator) in /_/src/bunit.core/Rendering/TestRenderer.cs:line 480
   at Bunit.Rendering.TestRenderer.RenderFragment(RenderFragment renderFragment) in /_/src/bunit.core/Rendering/TestRenderer.cs:line 101
   at Bunit.Extensions.TestContextBaseRenderExtensions.RenderInsideRenderTree(TestContextBase testContext, RenderFragment renderFragment) in /_/src/bunit.core/Extensions/TestContextBaseRenderExtensions.cs:line 43
   at Bunit.Extensions.TestContextBaseRenderExtensions.RenderInsideRenderTree[TComponent](TestContextBase testContext, RenderFragment renderFragment) in /_/src/bunit.core/Extensions/TestContextBaseRenderExtensions.cs:line 23
   at Bunit.TestContext.Render[TComponent](RenderFragment renderFragment) in /_/src/bunit.web/TestContext.cs:line 68
   at Bunit.TestContext.RenderComponent[TComponent](Action`1 parameterBuilder) in /_/src/bunit.web/TestContext.cs:line 54
   at CharacterManager.Tests.Components.Pages.EscouadeTests.Empty_squad_shows_info_alert() in D:\Devs\CharacterManager\CharacterManager.Tests\Components\Pages\EscouadeTests.cs:line 47
   at System.RuntimeMethodHandle.InvokeMethod(Object target, Void** arguments, Signature sig, Boolean isConstructor)
   at System.Reflection.MethodBaseInvoker.InvokeWithNoArgs(Object obj, BindingFlags invokeAttr)

Échoué!  - échec :     2, réussite :   714, ignorée(s) :     0, total :   716, durée : 2 s - CharacterManager.Tests.dll (net9.0)
